// Vitest Snapshot v1

exports[`<ArticleMeta /> > should match snapshot 1`] = `
.c0 {
  font-size: 1.6rem;
  color: #AAAAAA;
  font-style: italic;
}

.c0 .categories span::after {
  content: ', ';
}

.c0 .categories span:last-child::after {
  content: '';
}

.c0 a {
  color: #dc143c;
  -webkit-text-decoration: none;
  text-decoration: none;
  -webkit-transition: all 300ms ease-in-out;
  transition: all 300ms ease-in-out;
}

.c0 a:hover {
  -webkit-filter: brightness(50%);
  filter: brightness(50%);
}

<div>
  <div
    class="c0"
  >
    <p>
      <span>
         Por 
      </span>
      <a
        href="/author/guilherme-dos-santos"
      >
        Guilherme dos Santos
      </a>
      <span
        class="separator"
      >
         | 
      </span>
      <time
        datetime="2022-09-07T15:16:09.246+00:00"
      >
        7 de set. de 2022
      </time>
      <span
        class="separator"
      >
        |
      </span>
      <span
        class="categories"
      >
        <span>
          <a
            href="/category/react"
          >
            React
          </a>
        </span>
        <span>
          <a
            href="/category/javascript"
          >
            JS
          </a>
        </span>
      </span>
    </p>
  </div>
</div>
`;
